<?xml version="1.0" encoding="utf-8"?><testsuites name="pytest tests"><testsuite name="pytest" errors="0" failures="0" skipped="0" tests="11" time="3.307" timestamp="2026-02-08T16:46:12.089831+02:00" hostname="THKLAP15"><testcase classname="tests.test_android_change_import" name="test_android_change_import" time="0.079" /><testcase classname="tests.test_change_log_write" name="test_append_change_log_writes_file" time="0.015" /><testcase classname="tests.test_content_uri_flow" name="test_copy_success" time="0.001" /><testcase classname="tests.test_content_uri_flow" name="test_copy_failure" time="0.001" /><testcase classname="tests.test_importer_edgecases" name="test_apply_change_log_inserts_with_unknown_fields" time="0.017" /><testcase classname="tests.test_importer_edgecases" name="test_maintenance_with_elements_creates_links" time="0.020" /><testcase classname="tests.test_maintenance_layout" name="test_maintenance_comments_in_fixed_container" time="0.001" /><testcase classname="tests.test_share_intent" name="test_launch_share_intent_uses_fileprovider" time="0.003" /><testcase classname="tests.test_share_intent" name="test_launch_share_intent_fallback_to_clipboard" time="0.003" /><testcase classname="tests.test_share_intent_edge" name="test_launch_share_intent_requires_path" time="0.002" /><testcase classname="tests.test_ui_button_visibility" name="test_root_buttons_visible_and_hidden" time="0.001" /></testsuite></testsuites>